  Block.cpp
  Direction.cpp
  IMAGES.cpp
  Level.cpp
  Tree.cpp
E:\代码\C++\嵌套世界\Level.cpp(13,31): error C2065: “word”: 未声明的标识符
E:\代码\C++\嵌套世界\Level.cpp(14,27): error C2065: “word”: 未声明的标识符
E:\代码\C++\嵌套世界\Level.cpp(26,12): error C2065: “word”: 未声明的标识符
E:\代码\C++\嵌套世界\Level.cpp(51,6): error C2065: “worddata”: 未声明的标识符
E:\代码\C++\嵌套世界\Level.cpp(51,75): error C2065: “worddata”: 未声明的标识符
E:\代码\C++\嵌套世界\Level.cpp(52,5): error C2065: “worddata”: 未声明的标识符
E:\代码\C++\嵌套世界\Level.cpp(64,28): error C2065: “word”: 未声明的标识符
E:\代码\C++\嵌套世界\Level.cpp(75,29): error C2065: “word”: 未声明的标识符
E:\代码\C++\嵌套世界\Level.cpp(107,2): error C2065: “word”: 未声明的标识符
E:\代码\C++\嵌套世界\Level.cpp(109,6): error C2065: “word”: 未声明的标识符
E:\代码\C++\嵌套世界\Level.cpp(111,20): error C2065: “word”: 未声明的标识符
E:\代码\C++\嵌套世界\Level.cpp(112,20): error C2065: “word”: 未声明的标识符
E:\代码\C++\嵌套世界\Level.cpp(115,28): error C2065: “word”: 未声明的标识符
E:\代码\C++\嵌套世界\Level.cpp(115,26): error C2143: 语法错误: 缺少“;”(在“:”的前面)
E:\代码\C++\嵌套世界\Level.cpp(115,48): error C2143: 语法错误: 缺少“;”(在“)”的前面)
E:\代码\C++\嵌套世界\Level.cpp(119,29): error C2065: “word”: 未声明的标识符
E:\代码\C++\嵌套世界\Level.cpp(123,6): error C2065: “word”: 未声明的标识符
E:\代码\C++\嵌套世界\Level.cpp(126,10): error C2065: “word”: 未声明的标识符
E:\代码\C++\嵌套世界\Level.cpp(173,23): error C2039: "word": 不是 "Level" 的成员
      E:\代码\C++\嵌套世界\Level.h(13,7):
      参见“Level”的声明
  
E:\代码\C++\嵌套世界\Level.cpp(173,15): error C2530: “block”: 必须初始化引用
  嵌套世界.cpp
  正在生成代码...
